#-----------------------------------------------------------
# Vivado v2023.2 (64-bit)
# SW Build 4029153 on Fri Oct 13 20:14:34 MDT 2023
# IP Build 4028589 on Sat Oct 14 00:45:43 MDT 2023
# SharedData Build 4025554 on Tue Oct 10 17:18:54 MDT 2023
# Start of session at: Sat Jun 15 19:11:15 2024
# Process ID: 19444
# Current directory: D:/Desktop/magistrale/1_anno/1 SEMESTRE/architettura/esercizi/Uart_pc/Uart_pc.runs/impl_1
# Command line: vivado.exe -log UART_pc_connection.vdi -applog -product Vivado -messageDb vivado.pb -mode batch -source UART_pc_connection.tcl -notrace
# Log file: D:/Desktop/magistrale/1_anno/1 SEMESTRE/architettura/esercizi/Uart_pc/Uart_pc.runs/impl_1/UART_pc_connection.vdi
# Journal file: D:/Desktop/magistrale/1_anno/1 SEMESTRE/architettura/esercizi/Uart_pc/Uart_pc.runs/impl_1\vivado.jou
# Running On: dario-pc, OS: Windows, CPU Frequency: 3893 MHz, CPU Physical cores: 12, Host memory: 16424 MB
#-----------------------------------------------------------
source UART_pc_connection.tcl -notrace
