#-----------------------------------------------------------
# Vivado v2023.2 (64-bit)
# SW Build 4029153 on Fri Oct 13 20:14:34 MDT 2023
# IP Build 4028589 on Sat Oct 14 00:45:43 MDT 2023
# SharedData Build 4025554 on Tue Oct 10 17:18:54 MDT 2023
# Start of session at: Wed Aug 21 15:26:30 2024
# Process ID: 3916
# Current directory: D:/Desktop/magistrale/1_anno/1 SEMESTRE/architettura/esercizi/ESERCIZI TESINA/MoltiplicatoreRobertson
# Command line: vivado.exe -gui_launcher_event rodinguilauncherevent1672 D:\Desktop\magistrale\1_anno\1 SEMESTRE\architettura\esercizi\ESERCIZI TESINA\MoltiplicatoreRobertson\MoltiplicatoreRobertson.xpr
# Log file: D:/Desktop/magistrale/1_anno/1 SEMESTRE/architettura/esercizi/ESERCIZI TESINA/MoltiplicatoreRobertson/vivado.log
# Journal file: D:/Desktop/magistrale/1_anno/1 SEMESTRE/architettura/esercizi/ESERCIZI TESINA/MoltiplicatoreRobertson\vivado.jou
# Running On: dario-pc, OS: Windows, CPU Frequency: 3893 MHz, CPU Physical cores: 12, Host memory: 16961 MB
#-----------------------------------------------------------
start_gui
open_project {D:/Desktop/magistrale/1_anno/1 SEMESTRE/architettura/esercizi/ESERCIZI TESINA/MoltiplicatoreRobertson/MoltiplicatoreRobertson.xpr}
update_compile_order -fileset sources_1
synth_design -rtl -rtl_skip_mlo -name rtl_1
close_design
launch_simulation
source MoltiplicatoreRobertson_TB.tcl
restart
run 2000 ns
restart
run 2000 ns
restart
run 2000 ns
close_sim
launch_simulation
source MoltiplicatoreRobertson_TB.tcl
restart
run 2000 ns
restart
run 2000 ns
restart
run 2000 ns
close_sim
launch_simulation
source MoltiplicatoreRobertson_TB.tcl
restart
run 2000 ns
restart
run 2000 ns
restart
run 2000 ns
restart
run 2000 ns
run 2000 ns
restart
run 2000 ns
close_sim
launch_simulation
launch_simulation
source MoltiplicatoreRobertson_TB.tcl
restart
run 2000 ns
restart
run 2000 ns
restart
run 2000 ns
restart
run 2000 ns
restart
run 2000 ns
close_sim
launch_simulation
source MoltiplicatoreRobertson_TB.tcl
restart
run 2000 ns
restart
run 2000 ns
restart
run 2000 ns
restart
run 2000 ns
close_sim
launch_simulation
source MoltiplicatoreRobertson_TB.tcl
restart
run 2000 ns
restart
run 2000 ns
close_sim
launch_simulation
source MoltiplicatoreRobertson_TB.tcl
restart
run 2000 ns
restart
run 2000 ns
close_sim
