Copyright 1986-2022 Xilinx, Inc. All Rights Reserved. Copyright 2022-2023 Advanced Micro Devices, Inc. All Rights Reserved.
------------------------------------------------------------------------------------------------------------------------------------------------------------------------------
| Tool Version : Vivado v.2023.2 (win64) Build 4029153 Fri Oct 13 20:14:34 MDT 2023
| Date         : Mon Jul  1 15:15:28 2024
| Host         : dario-pc running 64-bit major release  (build 9200)
| Command      : report_bus_skew -warn_on_violation -file PriorityEncoder_bus_skew_routed.rpt -pb PriorityEncoder_bus_skew_routed.pb -rpx PriorityEncoder_bus_skew_routed.rpx
| Design       : PriorityEncoder
| Device       : 7a100t-csg324
| Speed File   : -1  PRODUCTION 1.23 2018-06-13
| Design State : Routed
------------------------------------------------------------------------------------------------------------------------------------------------------------------------------

Bus Skew Report

No bus skew constraints

