#-----------------------------------------------------------
# Vivado v2023.2 (64-bit)
# SW Build 4029153 on Fri Oct 13 20:14:34 MDT 2023
# IP Build 4028589 on Sat Oct 14 00:45:43 MDT 2023
# SharedData Build 4025554 on Tue Oct 10 17:18:54 MDT 2023
# Start of session at: Mon Jul 29 11:09:53 2024
# Process ID: 6636
# Current directory: D:/Desktop/magistrale/1_anno/1 SEMESTRE/architettura/esercizi/ESERCIZI TESINA/Cronometro
# Command line: vivado.exe -gui_launcher_event rodinguilauncherevent17036 D:\Desktop\magistrale\1_anno\1 SEMESTRE\architettura\esercizi\ESERCIZI TESINA\Cronometro\Cronometro.xpr
# Log file: D:/Desktop/magistrale/1_anno/1 SEMESTRE/architettura/esercizi/ESERCIZI TESINA/Cronometro/vivado.log
# Journal file: D:/Desktop/magistrale/1_anno/1 SEMESTRE/architettura/esercizi/ESERCIZI TESINA/Cronometro\vivado.jou
# Running On: dario-pc, OS: Windows, CPU Frequency: 3893 MHz, CPU Physical cores: 12, Host memory: 16424 MB
#-----------------------------------------------------------
start_gui
open_project {D:/Desktop/magistrale/1_anno/1 SEMESTRE/architettura/esercizi/ESERCIZI TESINA/Cronometro/Cronometro.xpr}
update_compile_order -fileset sources_1
reset_run impl_1 -prev_step 
launch_runs impl_1 -to_step write_bitstream -jobs 6
wait_on_run impl_1
open_hw_manager
connect_hw_server -allow_non_jtag
open_hw_target
set_property PROGRAM.FILE {D:/Desktop/magistrale/1_anno/1 SEMESTRE/architettura/esercizi/ESERCIZI TESINA/Cronometro/Cronometro.runs/impl_1/OrologioOnBoard.bit} [get_hw_devices xc7a100t_0]
current_hw_device [get_hw_devices xc7a100t_0]
refresh_hw_device -update_hw_probes false [lindex [get_hw_devices xc7a100t_0] 0]
set_property PROBES.FILE {} [get_hw_devices xc7a100t_0]
set_property FULL_PROBES.FILE {} [get_hw_devices xc7a100t_0]
set_property PROGRAM.FILE {D:/Desktop/magistrale/1_anno/1 SEMESTRE/architettura/esercizi/ESERCIZI TESINA/Cronometro/Cronometro.runs/impl_1/OrologioOnBoard.bit} [get_hw_devices xc7a100t_0]
program_hw_devices [get_hw_devices xc7a100t_0]
refresh_hw_device [lindex [get_hw_devices xc7a100t_0] 0]
close_hw_manager
close_project
open_project {D:/Desktop/magistrale/1_anno/1 SEMESTRE/architettura/esercizi/ESERCIZI TESINA/Cronometro/Cronometro.xpr}
update_compile_order -fileset sources_1
reset_run synth_1
launch_runs impl_1 -to_step write_bitstream -jobs 6
wait_on_run impl_1
reset_run synth_1
launch_runs impl_1 -to_step write_bitstream -jobs 6
wait_on_run impl_1
open_hw_manager
connect_hw_server -allow_non_jtag
open_hw_target
set_property PROGRAM.FILE {D:/Desktop/magistrale/1_anno/1 SEMESTRE/architettura/esercizi/ESERCIZI TESINA/Cronometro/Cronometro.runs/impl_1/OrologioOnBoard.bit} [get_hw_devices xc7a100t_0]
current_hw_device [get_hw_devices xc7a100t_0]
refresh_hw_device -update_hw_probes false [lindex [get_hw_devices xc7a100t_0] 0]
set_property PROBES.FILE {} [get_hw_devices xc7a100t_0]
set_property FULL_PROBES.FILE {} [get_hw_devices xc7a100t_0]
set_property PROGRAM.FILE {D:/Desktop/magistrale/1_anno/1 SEMESTRE/architettura/esercizi/ESERCIZI TESINA/Cronometro/Cronometro.runs/impl_1/OrologioOnBoard.bit} [get_hw_devices xc7a100t_0]
program_hw_devices [get_hw_devices xc7a100t_0]
refresh_hw_device [lindex [get_hw_devices xc7a100t_0] 0]
close_hw_manager
set_property SOURCE_SET sources_1 [get_filesets sim_1]
close [ open {D:/Desktop/magistrale/1_anno/1 SEMESTRE/architettura/esercizi/ESERCIZI TESINA/Cronometro/Cronometro.srcs/sim_1/new/Cronometro_TB.vhd} w ]
add_files -fileset sim_1 {{D:/Desktop/magistrale/1_anno/1 SEMESTRE/architettura/esercizi/ESERCIZI TESINA/Cronometro/Cronometro.srcs/sim_1/new/Cronometro_TB.vhd}}
update_compile_order -fileset sim_1
export_ip_user_files -of_objects  [get_files {{D:/Desktop/magistrale/1_anno/1 SEMESTRE/architettura/esercizi/ESERCIZI TESINA/Cronometro/Cronometro.srcs/sim_1/new/Cronometro_TB.vhd}}] -no_script -reset -force -quiet
remove_files  -fileset sim_1 {{D:/Desktop/magistrale/1_anno/1 SEMESTRE/architettura/esercizi/ESERCIZI TESINA/Cronometro/Cronometro.srcs/sim_1/new/Cronometro_TB.vhd}}
file delete -force {D:/Desktop/magistrale/1_anno/1 SEMESTRE/architettura/esercizi/ESERCIZI TESINA/Cronometro/Cronometro.srcs/sim_1/new/Cronometro_TB.vhd}
set_property SOURCE_SET sources_1 [get_filesets sim_1]
close [ open {D:/Desktop/magistrale/1_anno/1 SEMESTRE/architettura/esercizi/ESERCIZI TESINA/Cronometro/Cronometro.srcs/sim_1/new/Orologio_TB.vhd} w ]
add_files -fileset sim_1 {{D:/Desktop/magistrale/1_anno/1 SEMESTRE/architettura/esercizi/ESERCIZI TESINA/Cronometro/Cronometro.srcs/sim_1/new/Orologio_TB.vhd}}
update_compile_order -fileset sim_1
# Disabling source management mode.  This is to allow the top design properties to be set without GUI intervention.
set_property source_mgmt_mode None [current_project]
set_property top Orologio_TB [get_filesets sim_1]
set_property top_lib xil_defaultlib [get_filesets sim_1]
# Re-enabling previously disabled source management mode.
set_property source_mgmt_mode All [current_project]
update_compile_order -fileset sim_1
launch_simulation
launch_simulation
launch_simulation
source Orologio_TB.tcl
restart
run 3000 ns
restart
run 2 s
close_sim
